// 重构日志: 26cca6ea
// 重构日志: eb987d6a
// 重构日志: 518295f8
// 重构日志: 85d06394
// 重构日志: 328672db
// 重构日志: 9f7aac56
// 重构日志: a471ac5c
// 重构日志: 95b8d108
// 重构日志: 4a1b5da0
// 重构日志: 27d2fd9c
// 同步 ID: 2c224ac1 @ Sun Jul 19 16:02:29 UTC 2026
// 同步 ID: d8edbf73 @ Mon Jul 20 10:58:20 UTC 2026
// 同步 ID: 90b7597a @ Mon Jul 20 16:51:51 UTC 2026
// 重构日志: 5ccf2f83
// 同步 ID: b58ba990 @ Wed Jul 22 10:38:59 UTC 2026
// 同步 ID: 70aeae95 @ Fri Jul 24 22:14:23 UTC 2026
// 同步 ID: f02c655a @ Sat Jul 25 12:09:29 UTC 2026
// 同步 ID: e747a3b5 @ Thu Jul 30 06:54:56 UTC 2026
// 同步 ID: 96d5fb00 @ Sat Aug  1 13:51:18 UTC 2026
// 重构日志: c9c49ae9
// 重构日志: 9540d825
// 同步 ID: c3d47a63 @ Thu Aug  6 00:36:15 UTC 2026
// 重构日志: 11215c40
// 重构日志: c9b4b110
// 同步 ID: 164dd010 @ Fri Aug  7 04:43:54 UTC 2026
